C51 COMPILER V9.00   MAIN                                                                  04/17/2022 23:06:00 PAGE 1   


C51 COMPILER V9.00, COMPILATION OF MODULE MAIN
OBJECT MODULE PLACED IN ..\hex OUTPUT\main.obj
COMPILER INVOKED BY: G:\51开发板标配资料V3_3\5、程序开发软件\keil4\C51\BIN\C51.EXE main.c BROWSE DEBUG OBJECTEXTEND OBJE
                    -CT(..\hex OUTPUT\main.obj)

line level    source

   1          #include <STC89C5xRC.H>
   2          #include "LCD1602.h"
   3          #include "ds1302.h"
   4          #include "delay.h"
   5          
   6          unsigned char temp;
   7          
   8          int main()
   9          {
  10   1              
  11   1              LCDInit(3,1);
  12   1              //LCDWriteStr(0,1,"Date:20");
  13   1              LCDWriteStr(5,1,"20");
  14   1              LCDWriteStr(0,0,"Now~");
  15   1      
  16   1              DS1302WriteAddr(0x90,0x00);//关 DS1302 充电
  17   1              temp = DS1302ReadAddr(0x91);
  18   1              if (temp == 0x00)
  19   1              DS1302TimeInit();       
  20   1              while(1)
  21   1              {
  22   2                      display_date_and_time();
  23   2                      ReadTime();
  24   2                      Delay200ms();   
  25   2              }
  26   1              
  27   1      }


MODULE INFORMATION:   STATIC OVERLAYABLE
   CODE SIZE        =     64    ----
   CONSTANT SIZE    =      8    ----
   XDATA SIZE       =   ----    ----
   PDATA SIZE       =   ----    ----
   DATA SIZE        =      1    ----
   IDATA SIZE       =   ----    ----
   BIT SIZE         =   ----    ----
END OF MODULE INFORMATION.


C51 COMPILATION COMPLETE.  0 WARNING(S),  0 ERROR(S)
